Week 4 Git and GitHub Challenge


Task 1: Fork and Clone the Repository


F:\DevOpsStudy>git clone https://github.com/LondheShubham153/90DaysOfDevOps

F:\DevOpsStudy\90DaysOfDevOps>


Task 2: Initialize a Local Repository and Create a File


F:\DevOpsStudy\90DaysOfDevOps>mkdir Week 4 Git and GitHub Challenge

F:\DevOpsStudy\90DaysOfDevOps\2025\git\01_Git_and_Github_Basics\Week 4 Git and GitHub Challenge>


Task 4: Explore Your Commit History

F:\DevOpsStudy\90DaysOfDevOps\2025\git\01_Git_and_Github_Basics\Week 4 Git and GitHub Challenge>git log


commit 31e4161fa1d5cfb454ad8bec7856cdd2fa98d611 (HEAD -> devkshitij, origin/devkshitij)
Author: kshitij <kshitijbansod47@gmail.com>
Date:   Tue Mar 25 23:01:32 2025 +0530

    Week 2 - Linux System Administration & Automation Added

commit 73166dd0f289c3b9558521c183ec4f7c02824fd5
Author: kshitij <kshitijbansod47@gmail.com>
Date:   Tue Mar 18 23:17:52 2025 +0530

    Week 1 Challenge - Networking Added

commit 628e658cb1e2f29704b7d63a9a64e8971ac86ba3 (upstream/master, origin/master, origin/HEAD, master)
Merge: 251386a 57aa52a
Author: Shubham Londhe <shubhamnath5@gmail.com>
Date:   Sun Mar 9 18:23:31 2025 +0530

    Merge pull request #401 from Amitabh-DevOps/week7

    Added tasks for week 7 : Kubernetes

commit 57aa52acefe8379f3f1074bf1a053b9d3f0b942e
Author: Amitabh-DevOps <amitabhdevops2024@gmail.com>

F:\DevOpsStudy\90DaysOfDevOps>git status


F:\DevOpsStudy\90DaysOfDevOps>git branch feature-update

F:\DevOpsStudy\90DaysOfDevOps>git checkout feature-update
Switched to branch 'feature-update'

F:\DevOpsStudy\90DaysOfDevOps>git add info.txt


F:\DevOpsStudy\90DaysOfDevOps>git commit -m "Feature update: Enhance info.txt with additional details"

F:\DevOpsStudy\90DaysOfDevOps>git push origin feature-update


Task 6: Explain Branching Strategies

Added All The Steps In The Solution.md File 



